[ 2019-08-23 17:53:08 ]   demo.py   你好，这是一个标准输出
[ 2019-08-23 17:53:32 ]   demo.py   你好，这是一个标准输出
